#! /c/Source/iverilog-install/bin/vvp
:ivl_version "12.0 (devel)" "(s20150603-1539-g2693dd32b)";
:ivl_delay_selection "TYPICAL";
:vpi_time_precision - 12;
:vpi_module "C:\iverilog\lib\ivl\system.vpi";
:vpi_module "C:\iverilog\lib\ivl\vhdl_sys.vpi";
:vpi_module "C:\iverilog\lib\ivl\vhdl_textio.vpi";
:vpi_module "C:\iverilog\lib\ivl\v2005_math.vpi";
:vpi_module "C:\iverilog\lib\ivl\va_math.vpi";
:vpi_module "C:\iverilog\lib\ivl\v2009.vpi";
S_000002370c9bcb30 .scope package, "$unit" "$unit" 2 1;
 .timescale 0 0;
S_000002370c9cf250 .scope module, "tb_matrix_accel" "tb_matrix_accel" 3 5;
 .timescale -9 -12;
v000002370ca2fdb0_0 .var "a0_in_test", 7 0;
v000002370ca2ee10_0 .var "a1_in_test", 7 0;
v000002370ca30670_0 .var "b0_in_test", 7 0;
v000002370ca305d0_0 .var "b1_in_test", 7 0;
v000002370ca2f310_0 .net "c00_out_test", 31 0, v000002370c9c06b0_0;  1 drivers
v000002370ca307b0_0 .net "c01_out_test", 31 0, v000002370c9ba670_0;  1 drivers
v000002370ca2eeb0_0 .net "c10_out_test", 31 0, v000002370ca2bd90_0;  1 drivers
v000002370ca303f0_0 .net "c11_out_test", 31 0, v000002370ca2bc50_0;  1 drivers
v000002370ca2ed70_0 .var "clk", 0 0;
v000002370ca30b70_0 .var "rst_n", 0 0;
E_000002370c9bd4f0 .event negedge, v000002370c9ba790_0;
S_000002370c9cf3e0 .scope module, "dut" "systolic_array_2x2" 3 21, 4 3 0, S_000002370c9cf250;
 .timescale 0 0;
    .port_info 0 /INPUT 1 "clk";
    .port_info 1 /INPUT 1 "rst_n";
    .port_info 2 /INPUT 8 "a0_in";
    .port_info 3 /INPUT 8 "a1_in";
    .port_info 4 /INPUT 8 "b0_in";
    .port_info 5 /INPUT 8 "b1_in";
    .port_info 6 /OUTPUT 32 "c00_out";
    .port_info 7 /OUTPUT 32 "c01_out";
    .port_info 8 /OUTPUT 32 "c10_out";
    .port_info 9 /OUTPUT 32 "c11_out";
v000002370ca2c470_0 .net "a00_to_a01", 7 0, v000002370c993160_0;  1 drivers
v000002370ca2c1f0_0 .net "a0_in", 7 0, v000002370ca2fdb0_0;  1 drivers
v000002370ca2c290_0 .net "a10_to_a11", 7 0, v000002370ca2ba70_0;  1 drivers
v000002370ca2c650_0 .var "a1_delayed", 7 0;
v000002370ca2bed0_0 .net "a1_in", 7 0, v000002370ca2ee10_0;  1 drivers
v000002370ca2c6f0_0 .net "b00_to_b10", 7 0, v000002370c9bca10_0;  1 drivers
v000002370ca2c510_0 .net "b01_to_b11", 7 0, v000002370c9cf610_0;  1 drivers
v000002370ca2c790_0 .net "b0_in", 7 0, v000002370ca30670_0;  1 drivers
v000002370ca2bf70_0 .var "b1_delayed", 7 0;
v000002370ca2c0b0_0 .net "b1_in", 7 0, v000002370ca305d0_0;  1 drivers
v000002370ca2c830_0 .net "c00_out", 31 0, v000002370c9c06b0_0;  alias, 1 drivers
v000002370ca30a30_0 .net "c01_out", 31 0, v000002370c9ba670_0;  alias, 1 drivers
v000002370ca2f8b0_0 .net "c10_out", 31 0, v000002370ca2bd90_0;  alias, 1 drivers
v000002370ca2f090_0 .net "c11_out", 31 0, v000002370ca2bc50_0;  alias, 1 drivers
v000002370ca2f270_0 .net "clk", 0 0, v000002370ca2ed70_0;  1 drivers
v000002370ca300d0_0 .net "rst_n", 0 0, v000002370ca30b70_0;  1 drivers
S_000002370c97e130 .scope module, "pe00" "pe" 4 48, 5 3 0, S_000002370c9cf3e0;
 .timescale 0 0;
    .port_info 0 /INPUT 1 "clk";
    .port_info 1 /INPUT 1 "rst_n";
    .port_info 2 /INPUT 8 "a_in";
    .port_info 3 /INPUT 8 "b_in";
    .port_info 4 /OUTPUT 8 "a_out";
    .port_info 5 /OUTPUT 8 "b_out";
    .port_info 6 /OUTPUT 32 "acc_out";
v000002370c9935e0_0 .net "a_in", 7 0, v000002370ca2fdb0_0;  alias, 1 drivers
v000002370c993160_0 .var "a_out", 7 0;
v000002370c9c06b0_0 .var "acc_out", 31 0;
v000002370c9bc970_0 .net "b_in", 7 0, v000002370ca30670_0;  alias, 1 drivers
v000002370c9bca10_0 .var "b_out", 7 0;
v000002370c9ba790_0 .net "clk", 0 0, v000002370ca2ed70_0;  alias, 1 drivers
v000002370c9ba830_0 .net "rst_n", 0 0, v000002370ca30b70_0;  alias, 1 drivers
E_000002370c9bdbb0/0 .event negedge, v000002370c9ba830_0;
E_000002370c9bdbb0/1 .event posedge, v000002370c9ba790_0;
E_000002370c9bdbb0 .event/or E_000002370c9bdbb0/0, E_000002370c9bdbb0/1;
S_000002370c9c4590 .scope module, "pe01" "pe" 4 59, 5 3 0, S_000002370c9cf3e0;
 .timescale 0 0;
    .port_info 0 /INPUT 1 "clk";
    .port_info 1 /INPUT 1 "rst_n";
    .port_info 2 /INPUT 8 "a_in";
    .port_info 3 /INPUT 8 "b_in";
    .port_info 4 /OUTPUT 8 "a_out";
    .port_info 5 /OUTPUT 8 "b_out";
    .port_info 6 /OUTPUT 32 "acc_out";
v000002370c9c47a0_0 .net "a_in", 7 0, v000002370c993160_0;  alias, 1 drivers
v000002370c9ba5d0_0 .var "a_out", 7 0;
v000002370c9ba670_0 .var "acc_out", 31 0;
v000002370c9cf570_0 .net "b_in", 7 0, v000002370ca2bf70_0;  1 drivers
v000002370c9cf610_0 .var "b_out", 7 0;
v000002370c97e2c0_0 .net "clk", 0 0, v000002370ca2ed70_0;  alias, 1 drivers
v000002370c97e360_0 .net "rst_n", 0 0, v000002370ca30b70_0;  alias, 1 drivers
S_000002370c97e400 .scope module, "pe10" "pe" 4 70, 5 3 0, S_000002370c9cf3e0;
 .timescale 0 0;
    .port_info 0 /INPUT 1 "clk";
    .port_info 1 /INPUT 1 "rst_n";
    .port_info 2 /INPUT 8 "a_in";
    .port_info 3 /INPUT 8 "b_in";
    .port_info 4 /OUTPUT 8 "a_out";
    .port_info 5 /OUTPUT 8 "b_out";
    .port_info 6 /OUTPUT 32 "acc_out";
v000002370ca2b9d0_0 .net "a_in", 7 0, v000002370ca2c650_0;  1 drivers
v000002370ca2ba70_0 .var "a_out", 7 0;
v000002370ca2bd90_0 .var "acc_out", 31 0;
v000002370ca2b930_0 .net "b_in", 7 0, v000002370c9bca10_0;  alias, 1 drivers
v000002370ca2bbb0_0 .var "b_out", 7 0;
v000002370ca2be30_0 .net "clk", 0 0, v000002370ca2ed70_0;  alias, 1 drivers
v000002370ca2c150_0 .net "rst_n", 0 0, v000002370ca30b70_0;  alias, 1 drivers
S_000002370c9c2a90 .scope module, "pe11" "pe" 4 81, 5 3 0, S_000002370c9cf3e0;
 .timescale 0 0;
    .port_info 0 /INPUT 1 "clk";
    .port_info 1 /INPUT 1 "rst_n";
    .port_info 2 /INPUT 8 "a_in";
    .port_info 3 /INPUT 8 "b_in";
    .port_info 4 /OUTPUT 8 "a_out";
    .port_info 5 /OUTPUT 8 "b_out";
    .port_info 6 /OUTPUT 32 "acc_out";
v000002370ca2bb10_0 .net "a_in", 7 0, v000002370ca2ba70_0;  alias, 1 drivers
v000002370ca2c5b0_0 .var "a_out", 7 0;
v000002370ca2bc50_0 .var "acc_out", 31 0;
v000002370ca2bcf0_0 .net "b_in", 7 0, v000002370c9cf610_0;  alias, 1 drivers
v000002370ca2c010_0 .var "b_out", 7 0;
v000002370ca2c330_0 .net "clk", 0 0, v000002370ca2ed70_0;  alias, 1 drivers
v000002370ca2c3d0_0 .net "rst_n", 0 0, v000002370ca30b70_0;  alias, 1 drivers
    .scope S_000002370c97e130;
T_0 ;
    %wait E_000002370c9bdbb0;
    %load/vec4 v000002370c9ba830_0;
    %nor/r;
    %flag_set/vec4 8;
    %jmp/0xz  T_0.0, 8;
    %pushi/vec4 0, 0, 8;
    %assign/vec4 v000002370c993160_0, 0;
    %pushi/vec4 0, 0, 8;
    %assign/vec4 v000002370c9bca10_0, 0;
    %pushi/vec4 0, 0, 32;
    %assign/vec4 v000002370c9c06b0_0, 0;
    %jmp T_0.1;
T_0.0 ;
    %load/vec4 v000002370c9935e0_0;
    %assign/vec4 v000002370c993160_0, 0;
    %load/vec4 v000002370c9bc970_0;
    %assign/vec4 v000002370c9bca10_0, 0;
    %load/vec4 v000002370c9c06b0_0;
    %load/vec4 v000002370c9935e0_0;
    %pad/u 32;
    %load/vec4 v000002370c9bc970_0;
    %pad/u 32;
    %mul;
    %add;
    %assign/vec4 v000002370c9c06b0_0, 0;
T_0.1 ;
    %jmp T_0;
    .thread T_0;
    .scope S_000002370c9c4590;
T_1 ;
    %wait E_000002370c9bdbb0;
    %load/vec4 v000002370c97e360_0;
    %nor/r;
    %flag_set/vec4 8;
    %jmp/0xz  T_1.0, 8;
    %pushi/vec4 0, 0, 8;
    %assign/vec4 v000002370c9ba5d0_0, 0;
    %pushi/vec4 0, 0, 8;
    %assign/vec4 v000002370c9cf610_0, 0;
    %pushi/vec4 0, 0, 32;
    %assign/vec4 v000002370c9ba670_0, 0;
    %jmp T_1.1;
T_1.0 ;
    %load/vec4 v000002370c9c47a0_0;
    %assign/vec4 v000002370c9ba5d0_0, 0;
    %load/vec4 v000002370c9cf570_0;
    %assign/vec4 v000002370c9cf610_0, 0;
    %load/vec4 v000002370c9ba670_0;
    %load/vec4 v000002370c9c47a0_0;
    %pad/u 32;
    %load/vec4 v000002370c9cf570_0;
    %pad/u 32;
    %mul;
    %add;
    %assign/vec4 v000002370c9ba670_0, 0;
T_1.1 ;
    %jmp T_1;
    .thread T_1;
    .scope S_000002370c97e400;
T_2 ;
    %wait E_000002370c9bdbb0;
    %load/vec4 v000002370ca2c150_0;
    %nor/r;
    %flag_set/vec4 8;
    %jmp/0xz  T_2.0, 8;
    %pushi/vec4 0, 0, 8;
    %assign/vec4 v000002370ca2ba70_0, 0;
    %pushi/vec4 0, 0, 8;
    %assign/vec4 v000002370ca2bbb0_0, 0;
    %pushi/vec4 0, 0, 32;
    %assign/vec4 v000002370ca2bd90_0, 0;
    %jmp T_2.1;
T_2.0 ;
    %load/vec4 v000002370ca2b9d0_0;
    %assign/vec4 v000002370ca2ba70_0, 0;
    %load/vec4 v000002370ca2b930_0;
    %assign/vec4 v000002370ca2bbb0_0, 0;
    %load/vec4 v000002370ca2bd90_0;
    %load/vec4 v000002370ca2b9d0_0;
    %pad/u 32;
    %load/vec4 v000002370ca2b930_0;
    %pad/u 32;
    %mul;
    %add;
    %assign/vec4 v000002370ca2bd90_0, 0;
T_2.1 ;
    %jmp T_2;
    .thread T_2;
    .scope S_000002370c9c2a90;
T_3 ;
    %wait E_000002370c9bdbb0;
    %load/vec4 v000002370ca2c3d0_0;
    %nor/r;
    %flag_set/vec4 8;
    %jmp/0xz  T_3.0, 8;
    %pushi/vec4 0, 0, 8;
    %assign/vec4 v000002370ca2c5b0_0, 0;
    %pushi/vec4 0, 0, 8;
    %assign/vec4 v000002370ca2c010_0, 0;
    %pushi/vec4 0, 0, 32;
    %assign/vec4 v000002370ca2bc50_0, 0;
    %jmp T_3.1;
T_3.0 ;
    %load/vec4 v000002370ca2bb10_0;
    %assign/vec4 v000002370ca2c5b0_0, 0;
    %load/vec4 v000002370ca2bcf0_0;
    %assign/vec4 v000002370ca2c010_0, 0;
    %load/vec4 v000002370ca2bc50_0;
    %load/vec4 v000002370ca2bb10_0;
    %pad/u 32;
    %load/vec4 v000002370ca2bcf0_0;
    %pad/u 32;
    %mul;
    %add;
    %assign/vec4 v000002370ca2bc50_0, 0;
T_3.1 ;
    %jmp T_3;
    .thread T_3;
    .scope S_000002370c9cf3e0;
T_4 ;
    %wait E_000002370c9bdbb0;
    %load/vec4 v000002370ca300d0_0;
    %nor/r;
    %flag_set/vec4 8;
    %jmp/0xz  T_4.0, 8;
    %pushi/vec4 0, 0, 8;
    %assign/vec4 v000002370ca2c650_0, 0;
    %jmp T_4.1;
T_4.0 ;
    %load/vec4 v000002370ca2bed0_0;
    %assign/vec4 v000002370ca2c650_0, 0;
T_4.1 ;
    %jmp T_4;
    .thread T_4;
    .scope S_000002370c9cf3e0;
T_5 ;
    %wait E_000002370c9bdbb0;
    %load/vec4 v000002370ca300d0_0;
    %nor/r;
    %flag_set/vec4 8;
    %jmp/0xz  T_5.0, 8;
    %pushi/vec4 0, 0, 8;
    %assign/vec4 v000002370ca2bf70_0, 0;
    %jmp T_5.1;
T_5.0 ;
    %load/vec4 v000002370ca2c0b0_0;
    %assign/vec4 v000002370ca2bf70_0, 0;
T_5.1 ;
    %jmp T_5;
    .thread T_5;
    .scope S_000002370c9cf250;
T_6 ;
    %delay 5000, 0;
    %load/vec4 v000002370ca2ed70_0;
    %inv;
    %store/vec4 v000002370ca2ed70_0, 0, 1;
    %jmp T_6;
    .thread T_6;
    .scope S_000002370c9cf250;
T_7 ;
    %pushi/vec4 0, 0, 1;
    %store/vec4 v000002370ca2ed70_0, 0, 1;
    %pushi/vec4 0, 0, 1;
    %store/vec4 v000002370ca30b70_0, 0, 1;
    %pushi/vec4 0, 0, 8;
    %store/vec4 v000002370ca2fdb0_0, 0, 8;
    %pushi/vec4 0, 0, 8;
    %store/vec4 v000002370ca2ee10_0, 0, 8;
    %pushi/vec4 0, 0, 8;
    %store/vec4 v000002370ca30670_0, 0, 8;
    %pushi/vec4 0, 0, 8;
    %store/vec4 v000002370ca305d0_0, 0, 8;
    %vpi_call/w 3 48 "$dumpfile", "sim/waveform.vcd" {0 0 0};
    %vpi_call/w 3 49 "$dumpvars", 32'sb00000000000000000000000000000000, S_000002370c9cf250 {0 0 0};
    %delay 30000, 0;
    %pushi/vec4 1, 0, 1;
    %store/vec4 v000002370ca30b70_0, 0, 1;
    %wait E_000002370c9bd4f0;
    %pushi/vec4 1, 0, 8;
    %store/vec4 v000002370ca2fdb0_0, 0, 8;
    %pushi/vec4 3, 0, 8;
    %store/vec4 v000002370ca2ee10_0, 0, 8;
    %pushi/vec4 5, 0, 8;
    %store/vec4 v000002370ca30670_0, 0, 8;
    %pushi/vec4 6, 0, 8;
    %store/vec4 v000002370ca305d0_0, 0, 8;
    %wait E_000002370c9bd4f0;
    %pushi/vec4 2, 0, 8;
    %store/vec4 v000002370ca2fdb0_0, 0, 8;
    %pushi/vec4 4, 0, 8;
    %store/vec4 v000002370ca2ee10_0, 0, 8;
    %pushi/vec4 7, 0, 8;
    %store/vec4 v000002370ca30670_0, 0, 8;
    %pushi/vec4 8, 0, 8;
    %store/vec4 v000002370ca305d0_0, 0, 8;
    %wait E_000002370c9bd4f0;
    %pushi/vec4 0, 0, 8;
    %store/vec4 v000002370ca2fdb0_0, 0, 8;
    %pushi/vec4 0, 0, 8;
    %store/vec4 v000002370ca2ee10_0, 0, 8;
    %pushi/vec4 0, 0, 8;
    %store/vec4 v000002370ca30670_0, 0, 8;
    %pushi/vec4 0, 0, 8;
    %store/vec4 v000002370ca305d0_0, 0, 8;
    %delay 50000, 0;
    %load/vec4 v000002370ca2f310_0;
    %cmpi/e 19, 0, 32;
    %flag_get/vec4 4;
    %jmp/0 T_7.4, 4;
    %load/vec4 v000002370ca307b0_0;
    %pushi/vec4 22, 0, 32;
    %cmp/e;
    %flag_get/vec4 4;
    %and;
T_7.4;
    %flag_set/vec4 10;
    %flag_get/vec4 10;
    %jmp/0 T_7.3, 10;
    %load/vec4 v000002370ca2eeb0_0;
    %pushi/vec4 43, 0, 32;
    %cmp/e;
    %flag_get/vec4 4;
    %and;
T_7.3;
    %flag_set/vec4 9;
    %flag_get/vec4 9;
    %jmp/0 T_7.2, 9;
    %load/vec4 v000002370ca303f0_0;
    %pushi/vec4 50, 0, 32;
    %cmp/e;
    %flag_get/vec4 4;
    %and;
T_7.2;
    %flag_set/vec4 8;
    %jmp/0xz  T_7.0, 8;
    %vpi_call/w 3 86 "$display", "----------------------------------------" {0 0 0};
    %vpi_call/w 3 87 "$display", " >>> SUCCESS: TEST PASSED PERFECTLY! <<<" {0 0 0};
    %vpi_call/w 3 88 "$display", "----------------------------------------" {0 0 0};
    %jmp T_7.1;
T_7.0 ;
    %vpi_call/w 3 90 "$display", "----------------------------------------" {0 0 0};
    %vpi_call/w 3 91 "$display", " >>> ERROR: TEST FAILED!  <<<" {0 0 0};
    %vpi_call/w 3 92 "$display", " Expected: c00=19, c01=22, c10=43, c11=50" {0 0 0};
    %vpi_call/w 3 93 "$display", " Got:      c00=%0d, c01=%0d, c10=%0d, c11=%0d", v000002370ca2f310_0, v000002370ca307b0_0, v000002370ca2eeb0_0, v000002370ca303f0_0 {0 0 0};
    %vpi_call/w 3 95 "$display", "----------------------------------------" {0 0 0};
T_7.1 ;
    %vpi_call/w 3 97 "$finish" {0 0 0};
    %end;
    .thread T_7;
# The file index is used to find the file name in the following table.
:file_names 6;
    "N/A";
    "<interactive>";
    "-";
    "sim/tb_matrix_accel.sv";
    "rtl/systolic_array_2x2.sv";
    "rtl/pe.sv";
